Keymap:  layer 0 : default

 ,--------------------------------------------------.           ,--------------------------------------------------.
 |  ESC   |  1   |  2   |  3   |  4   |  5   |  6   |           | GRV  |  7   |  8   |  9   |  0   | MINS |  EQL   |
 |--------+------+------+------+------+-------------|           |------+------+------+------+------+------+--------|
 |  TAB   |  Q   |  W   |  E   |  R   |  T   | LBRC |           | RBRC |  Y   |  U   |  I   |  O   |  P   |  BSLS  |
 |--------+------+------+------+------+------|      |           |      |------+------+------+------+------+--------|
 |  FN6   |  A   |  S   |  D   |  F   |  G   |------|           |------|  H   |  J   |  K   |  L   | SCLN |  QUOT  |
 |--------+------+------+------+------+------| LGUI |           | LGUI |------+------+------+------+------+--------|
 |  FN5   |  Z   |  X   |  C   |  V   |  B   |      |           |      |  N   |  M   | COMM | DOT  | SLSH |  FN5   |
 `--------+------+------+------+------+-------------'           `-------------+------+------+------+------+--------'
   | LCTR | FN0  | LEFT | RGHT | FN0  |                                       | FN0  |  UP  | DOWN | FN0  | RCTR |
   `----------------------------------'                                       `----------------------------------'
                                        ,-------------.       ,-------------.
                                        | FN1  | FN2  |       | RALT | RCTL |
                                 ,------|------|------|       |------+------+------.
                                 |      |      | HOME |       | PGUP |      |      |
                                 | BSPC | DEL  |------|       |------| ENT  | SPC  |
                                 |      |      | END  |       | PGDN |      |      |
                                 `--------------------'       `--------------------'

Keymap:  layer 1 : function, media, and numpad keys

 ,--------------------------------------------------.           ,--------------------------------------------------.
 |  FN3   |  F1  |  F2  |  F3  |  F4  |  F5  |  F6  |           |  F7  |  F8  |  F9  | F10  | F11  | F12  |  FN4   |
 |--------+------+------+------+------+-------------|           |------+------+------+------+------+------+--------|
 |   ø    |  ø   |  ø   |  ø   | VOLU |  ø   |  ø   |           |  ø   |  ø   |  P7  |  P8  |  P9  | PMNS |   ø    |
 |--------+------+------+------+------+------|      |           |      |------+------+------+------+------+--------|
 |   ø    |  ø   |  ø   | MRWD | MPLY | MFFD |------|           |------| PAST |  P4  |  P5  |  P6  | PPLS |   ø    |
 |--------+------+------+------+------+------|  ø   |           |  ø   |------+------+------+------+------+--------|
 |   ø    |  ø   |  ø   |  ø   | VOLD | MUTE |      |           |      | PSLS |  P1  |  P2  |  P3  | PENT |   ø    |
 `--------+------+------+------+------+-------------'           `-------------+------+------+------+------+--------'
   |  ø   | FN0  |  ø   |  ø   | FN0  |                                       | FN0  |  P0  | DEL  | FN0  |  ø   |
   `----------------------------------'                                       `----------------------------------'
                                        ,-------------.       ,-------------.
                                        |  ø   |  ø   |       |  ø   |  ø   |
                                 ,------|------|------|       |------+------+------.
                                 |      |      |  ø   |       |  ø   |      |      |
                                 | SPC  | ENT  |------|       |------| DEL  | BSPC |
                                 |      |      |  ø   |       |  ø   |      |      |
                                 `--------------------'       `--------------------'

